// Jest Snapshot v1, https://goo.gl/fbAQLP

exports[`renders setlist Title given a setlist 1`] = `
<div>
  <a
    class="MuiTypography-root MuiLink-root MuiLink-underlineHover Link__StyledLink-sc-1d5spp1-0 hwBbyL MuiTypography-colorPrimary"
    href="/setlist/undefined"
  >
    Donald Duck Setlist
  </a>
</div>
`;
